// Jest Snapshot v1, https://goo.gl/fbAQLP

exports[`App renders learn react link 1`] = `
<div
  className="App"
>
  <h2>
    Albums
  </h2>
  <div>
    <h5
      className="Album"
    >
      0
      ) 
      Album #0
    </h5>
    <h5
      className="Album"
    >
      1
      ) 
      Album #1
    </h5>
    <h5
      className="Album"
    >
      2
      ) 
      Album #2
    </h5>
    <h5
      className="Album"
    >
      3
      ) 
      Album #3
    </h5>
    <h5
      className="Album"
    >
      4
      ) 
      Album #4
    </h5>
    <h5
      className="Album"
    >
      5
      ) 
      Album #5
    </h5>
  </div>
</div>
`;
